  RobotBase.cpp
Effekseer_vs2019_x64_d.lib(Effekseer.FCurves.obj) : warning LNK4099: PDB 'Effekseer.pdb' が 'Effekseer_vs2019_x64_d.lib(Effekseer.FCurves.obj)' で、または 'C:\AGS2025fuyu\x64\Debug\Effekseer.pdb' に見つかりません。デバッグ情報がないものとして、オブジェクトにリンクします。
Effekseer_vs2019_x64_d.lib(Effekseer.Instance.obj) : warning LNK4099: PDB 'Effekseer.pdb' が 'Effekseer_vs2019_x64_d.lib(Effekseer.Instance.obj)' で、または 'C:\AGS2025fuyu\x64\Debug\Effekseer.pdb' に見つかりません。デバッグ情報がないものとして、オブジェクトにリンクします。
Effekseer_vs2019_x64_d.lib(Effekseer.InternalScript.obj) : warning LNK4099: PDB 'Effekseer.pdb' が 'Effekseer_vs2019_x64_d.lib(Effekseer.InternalScript.obj)' で、または 'C:\AGS2025fuyu\x64\Debug\Effekseer.pdb' に見つかりません。デバッグ情報がないものとして、オブジェクトにリンクします。
Effekseer_vs2019_x64_d.lib(Effekseer.Matrix43.obj) : warning LNK4099: PDB 'Effekseer.pdb' が 'Effekseer_vs2019_x64_d.lib(Effekseer.Matrix43.obj)' で、または 'C:\AGS2025fuyu\x64\Debug\Effekseer.pdb' に見つかりません。デバッグ情報がないものとして、オブジェクトにリンクします。
Effekseer_vs2019_x64_d.lib(Effekseer.Matrix44.obj) : warning LNK4099: PDB 'Effekseer.pdb' が 'Effekseer_vs2019_x64_d.lib(Effekseer.Matrix44.obj)' で、または 'C:\AGS2025fuyu\x64\Debug\Effekseer.pdb' に見つかりません。デバッグ情報がないものとして、オブジェクトにリンクします。
Effekseer_vs2019_x64_d.lib(Effekseer.Vector3D.obj) : warning LNK4099: PDB 'Effekseer.pdb' が 'Effekseer_vs2019_x64_d.lib(Effekseer.Vector3D.obj)' で、または 'C:\AGS2025fuyu\x64\Debug\Effekseer.pdb' に見つかりません。デバッグ情報がないものとして、オブジェクトにリンクします。
Effekseer_vs2019_x64_d.lib(Mat43f.obj) : warning LNK4099: PDB 'Effekseer.pdb' が 'Effekseer_vs2019_x64_d.lib(Mat43f.obj)' で、または 'C:\AGS2025fuyu\x64\Debug\Effekseer.pdb' に見つかりません。デバッグ情報がないものとして、オブジェクトにリンクします。
Effekseer_vs2019_x64_d.lib(Mat44f.obj) : warning LNK4099: PDB 'Effekseer.pdb' が 'Effekseer_vs2019_x64_d.lib(Mat44f.obj)' で、または 'C:\AGS2025fuyu\x64\Debug\Effekseer.pdb' に見つかりません。デバッグ情報がないものとして、オブジェクトにリンクします。
Effekseer_vs2019_x64_d.lib(ForceFields.obj) : warning LNK4099: PDB 'Effekseer.pdb' が 'Effekseer_vs2019_x64_d.lib(ForceFields.obj)' で、または 'C:\AGS2025fuyu\x64\Debug\Effekseer.pdb' に見つかりません。デバッグ情報がないものとして、オブジェクトにリンクします。
Effekseer_vs2019_x64_d.lib(ProceduralModelGenerator.obj) : warning LNK4099: PDB 'Effekseer.pdb' が 'Effekseer_vs2019_x64_d.lib(ProceduralModelGenerator.obj)' で、または 'C:\AGS2025fuyu\x64\Debug\Effekseer.pdb' に見つかりません。デバッグ情報がないものとして、オブジェクトにリンクします。
Effekseer_vs2019_x64_d.lib(Model.obj) : warning LNK4099: PDB 'Effekseer.pdb' が 'Effekseer_vs2019_x64_d.lib(Model.obj)' で、または 'C:\AGS2025fuyu\x64\Debug\Effekseer.pdb' に見つかりません。デバッグ情報がないものとして、オブジェクトにリンクします。
EffekseerRendererDX9_vs2019_x64_d.lib(EffekseerRenderer.CommonUtils.obj) : warning LNK4099: PDB 'EffekseerRendererDX9.pdb' が 'EffekseerRendererDX9_vs2019_x64_d.lib(EffekseerRenderer.CommonUtils.obj)' で、または 'C:\AGS2025fuyu\x64\Debug\EffekseerRendererDX9.pdb' に見つかりません。デバッグ情報がないものとして、オブジェクトにリンクします。
EffekseerRendererDX9_vs2019_x64_d.lib(EffekseerRenderer.Renderer_Impl.obj) : warning LNK4099: PDB 'EffekseerRendererDX9.pdb' が 'EffekseerRendererDX9_vs2019_x64_d.lib(EffekseerRenderer.Renderer_Impl.obj)' で、または 'C:\AGS2025fuyu\x64\Debug\EffekseerRendererDX9.pdb' に見つかりません。デバッグ情報がないものとして、オブジェクトにリンクします。
EffekseerRendererDX9_vs2019_x64_d.lib(EffekseerRendererDX9.ModelRenderer.obj) : warning LNK4099: PDB 'EffekseerRendererDX9.pdb' が 'EffekseerRendererDX9_vs2019_x64_d.lib(EffekseerRendererDX9.ModelRenderer.obj)' で、または 'C:\AGS2025fuyu\x64\Debug\EffekseerRendererDX9.pdb' に見つかりません。デバッグ情報がないものとして、オブジェクトにリンクします。
EffekseerRendererDX9_vs2019_x64_d.lib(EffekseerRendererDX9.Renderer.obj) : warning LNK4099: PDB 'EffekseerRendererDX9.pdb' が 'EffekseerRendererDX9_vs2019_x64_d.lib(EffekseerRendererDX9.Renderer.obj)' で、または 'C:\AGS2025fuyu\x64\Debug\EffekseerRendererDX9.pdb' に見つかりません。デバッグ情報がないものとして、オブジェクトにリンクします。
EffekseerRendererDX11_vs2019_x64_d.lib(EffekseerRendererDX11.ModelRenderer.obj) : warning LNK4099: PDB 'EffekseerRendererDX11.pdb' が 'EffekseerRendererDX11_vs2019_x64_d.lib(EffekseerRendererDX11.ModelRenderer.obj)' で、または 'C:\AGS2025fuyu\x64\Debug\EffekseerRendererDX11.pdb' に見つかりません。デバッグ情報がないものとして、オブジェクトにリンクします。
EffekseerRendererDX11_vs2019_x64_d.lib(EffekseerRendererDX11.Renderer.obj) : warning LNK4099: PDB 'EffekseerRendererDX11.pdb' が 'EffekseerRendererDX11_vs2019_x64_d.lib(EffekseerRendererDX11.Renderer.obj)' で、または 'C:\AGS2025fuyu\x64\Debug\EffekseerRendererDX11.pdb' に見つかりません。デバッグ情報がないものとして、オブジェクトにリンクします。
EffekseerForDXLib_vs2019_x64_d.lib(EffekseerForDXLib.obj) : warning LNK4099: PDB 'EffekseerForDXLib_vs2019_x64_d.pdb' が 'EffekseerForDXLib_vs2019_x64_d.lib(EffekseerForDXLib.obj)' で、または 'C:\AGS2025fuyu\x64\Debug\EffekseerForDXLib_vs2019_x64_d.pdb' に見つかりません。デバッグ情報がないものとして、オブジェクトにリンクします。
  BaseProject.vcxproj -> C:\AGS2025fuyu\x64\Debug\BaseProject.exe
